{
   "format_version": 10,
   "pipelines": {
      "deploy-example": {
         "display_order": 0,
         "group": "example",
         "lock_behavior": "unlockWhenFinished",
         "materials": {
            "init_repo": {
               "branch": "master",
               "destination": "init",
               "git": "git@github.com:getsentry/init.git",
               "shallow_clone": true
            }
         },
         "stages": [
            {
               "pipeline-complete": {
                  "approval": {
                     "type": "manual"
                  },
                  "jobs": {
                     "pipeline-complete": {
                        "tasks": [
                           {
                              "exec": {
                                 "command": true
                              }
                           }
                        ]
                     }
                  }
               }
            }
         ]
      },
      "deploy-example-customer-1": {
         "display_order": 4,
         "group": "example",
         "materials": {
            "deploy-example-us-example_stage": {
               "pipeline": "deploy-example-us",
               "stage": "example_stage"
            },
            "example_repo": {
               "branch": "master",
               "destination": "example",
               "git": "git@github.com:getsentry/example.git",
               "shallow_clone": true
            }
         },
         "region": "customer-1",
         "stages": [
            {
               "ready": {
                  "jobs": {
                     "ready": {
                        "tasks": [
                           {
                              "exec": {
                                 "command": true
                              }
                           }
                        ]
                     }
                  }
               }
            },
            {
               "wait": {
                  "approval": {
                     "type": "manual"
                  },
                  "jobs": {
                     "wait": {
                        "tasks": [
                           {
                              "exec": {
                                 "command": true
                              }
                           }
                        ]
                     }
                  }
               }
            },
            {
               "example_stage": { }
            }
         ]
      },
      "deploy-example-customer-2": {
         "display_order": 5,
         "group": "example",
         "materials": {
            "deploy-example-customer-1-example_stage": {
               "pipeline": "deploy-example-customer-1",
               "stage": "example_stage"
            },
            "example_repo": {
               "branch": "master",
               "destination": "example",
               "git": "git@github.com:getsentry/example.git",
               "shallow_clone": true
            }
         },
         "region": "customer-2",
         "stages": [
            {
               "ready": {
                  "jobs": {
                     "ready": {
                        "tasks": [
                           {
                              "exec": {
                                 "command": true
                              }
                           }
                        ]
                     }
                  }
               }
            },
            {
               "wait": {
                  "approval": {
                     "type": "manual"
                  },
                  "jobs": {
                     "wait": {
                        "tasks": [
                           {
                              "exec": {
                                 "command": true
                              }
                           }
                        ]
                     }
                  }
               }
            },
            {
               "example_stage": { }
            }
         ]
      },
      "deploy-example-customer-3": {
         "display_order": 6,
         "group": "example",
         "materials": {
            "deploy-example-customer-2-example_stage": {
               "pipeline": "deploy-example-customer-2",
               "stage": "example_stage"
            },
            "example_repo": {
               "branch": "master",
               "destination": "example",
               "git": "git@github.com:getsentry/example.git",
               "shallow_clone": true
            }
         },
         "region": "customer-3",
         "stages": [
            {
               "ready": {
                  "jobs": {
                     "ready": {
                        "tasks": [
                           {
                              "exec": {
                                 "command": true
                              }
                           }
                        ]
                     }
                  }
               }
            },
            {
               "wait": {
                  "approval": {
                     "type": "manual"
                  },
                  "jobs": {
                     "wait": {
                        "tasks": [
                           {
                              "exec": {
                                 "command": true
                              }
                           }
                        ]
                     }
                  }
               }
            },
            {
               "example_stage": { }
            }
         ]
      },
      "deploy-example-customer-4": {
         "display_order": 7,
         "group": "example",
         "materials": {
            "deploy-example-customer-3-example_stage": {
               "pipeline": "deploy-example-customer-3",
               "stage": "example_stage"
            },
            "example_repo": {
               "branch": "master",
               "destination": "example",
               "git": "git@github.com:getsentry/example.git",
               "shallow_clone": true
            }
         },
         "region": "customer-4",
         "stages": [
            {
               "ready": {
                  "jobs": {
                     "ready": {
                        "tasks": [
                           {
                              "exec": {
                                 "command": true
                              }
                           }
                        ]
                     }
                  }
               }
            },
            {
               "wait": {
                  "approval": {
                     "type": "manual"
                  },
                  "jobs": {
                     "wait": {
                        "tasks": [
                           {
                              "exec": {
                                 "command": true
                              }
                           }
                        ]
                     }
                  }
               }
            },
            {
               "example_stage": { }
            }
         ]
      },
      "deploy-example-customer-5": {
         "display_order": 8,
         "group": "example",
         "materials": {
            "deploy-example-pipeline-complete": {
               "pipeline": "deploy-example",
               "stage": "pipeline-complete"
            },
            "example_repo": {
               "branch": "master",
               "destination": "example",
               "git": "git@github.com:getsentry/example.git",
               "shallow_clone": true
            }
         },
         "region": "customer-5",
         "stages": [
            {
               "ready": {
                  "jobs": {
                     "ready": {
                        "tasks": [
                           {
                              "exec": {
                                 "command": true
                              }
                           }
                        ]
                     }
                  }
               }
            },
            {
               "wait": {
                  "approval": {
                     "type": "manual"
                  },
                  "jobs": {
                     "wait": {
                        "tasks": [
                           {
                              "exec": {
                                 "command": true
                              }
                           }
                        ]
                     }
                  }
               }
            },
            {
               "example_stage": { }
            }
         ]
      },
      "deploy-example-customer-6": {
         "display_order": 9,
         "group": "example",
         "materials": {
            "deploy-example-pipeline-complete": {
               "pipeline": "deploy-example",
               "stage": "pipeline-complete"
            },
            "example_repo": {
               "branch": "master",
               "destination": "example",
               "git": "git@github.com:getsentry/example.git",
               "shallow_clone": true
            }
         },
         "region": "customer-6",
         "stages": [
            {
               "ready": {
                  "jobs": {
                     "ready": {
                        "tasks": [
                           {
                              "exec": {
                                 "command": true
                              }
                           }
                        ]
                     }
                  }
               }
            },
            {
               "wait": {
                  "approval": {
                     "type": "manual"
                  },
                  "jobs": {
                     "wait": {
                        "tasks": [
                           {
                              "exec": {
                                 "command": true
                              }
                           }
                        ]
                     }
                  }
               }
            },
            {
               "example_stage": { }
            }
         ]
      },
      "deploy-example-s4s": {
         "display_order": 2,
         "group": "example",
         "materials": {
            "deploy-example-pipeline-complete": {
               "pipeline": "deploy-example",
               "stage": "pipeline-complete"
            },
            "example_repo": {
               "branch": "master",
               "destination": "example",
               "git": "git@github.com:getsentry/example.git",
               "shallow_clone": true
            }
         },
         "region": "s4s",
         "stages": [
            {
               "ready": {
                  "jobs": {
                     "ready": {
                        "tasks": [
                           {
                              "exec": {
                                 "command": true
                              }
                           }
                        ]
                     }
                  }
               }
            },
            {
               "wait": {
                  "approval": {
                     "type": "manual"
                  },
                  "jobs": {
                     "wait": {
                        "tasks": [
                           {
                              "exec": {
                                 "command": true
                              }
                           }
                        ]
                     }
                  }
               }
            },
            {
               "example_stage": { }
            }
         ]
      },
      "deploy-example-us": {
         "display_order": 3,
         "group": "example",
         "materials": {
            "deploy-example-s4s-example_stage": {
               "pipeline": "deploy-example-s4s",
               "stage": "example_stage"
            },
            "example_repo": {
               "branch": "master",
               "destination": "example",
               "git": "git@github.com:getsentry/example.git",
               "shallow_clone": true
            }
         },
         "region": "us",
         "stages": [
            {
               "ready": {
                  "jobs": {
                     "ready": {
                        "tasks": [
                           {
                              "exec": {
                                 "command": true
                              }
                           }
                        ]
                     }
                  }
               }
            },
            {
               "wait": {
                  "approval": {
                     "type": "manual"
                  },
                  "jobs": {
                     "wait": {
                        "tasks": [
                           {
                              "exec": {
                                 "command": true
                              }
                           }
                        ]
                     }
                  }
               }
            },
            {
               "example_stage": { }
            }
         ]
      },
      "rollback-example": {
         "display_order": 1,
         "environment_variables": {
            "ALL_PIPELINE_FLAGS": "--pipeline=deploy-example-s4s --pipeline=deploy-example-us --pipeline=deploy-example-customer-1 --pipeline=deploy-example-customer-2 --pipeline=deploy-example-customer-3 --pipeline=deploy-example-customer-4 --pipeline=deploy-example",
            "GOCD_ACCESS_TOKEN": "{{SECRET:[devinfra][gocd_access_token]}}",
            "REGION_PIPELINE_FLAGS": "--pipeline=deploy-example-s4s --pipeline=deploy-example-us --pipeline=deploy-example-customer-1 --pipeline=deploy-example-customer-2 --pipeline=deploy-example-customer-3 --pipeline=deploy-example-customer-4",
            "ROLLBACK_MATERIAL_NAME": "example_repo",
            "ROLLBACK_STAGE": "example_stage"
         },
         "group": "example",
         "lock_behavior": "unlockWhenFinished",
         "materials": {
            "deploy-example-customer-4-example_stage": {
               "pipeline": "deploy-example-customer-4",
               "stage": "example_stage"
            }
         },
         "stages": [
            {
               "pause_pipelines": {
                  "approval": {
                     "type": "manual"
                  },
                  "jobs": {
                     "rollback": {
                        "elastic_profile_id": "example_profile",
                        "tasks": [
                           {
                              "script": "##!/bin/bash\n\n## Note: $ALL_PIPELINE_FLAGS has no quoting, for word expansion\n## shellcheck disable=SC2086\nif [[ \"${ALL_PIPELINE_FLAGS:-}\" ]]; then\n  set -- $ALL_PIPELINE_FLAGS\nfi\n\n## Pause all pipelines in the pipedream\ngocd-pause-and-cancel-pipelines \\\n  --pause-message=\"This pipeline is being rolled back, please check with team before un-pausing.\" \\\n  \"$@\"\n"
                           }
                        ]
                     }
                  }
               }
            },
            {
               "start_rollback": {
                  "jobs": {
                     "rollback": {
                        "elastic_profile_id": "example_profile",
                        "tasks": [
                           {
                              "script": "##!/bin/bash\n\n## Note: $REGION_PIPELINE_FLAGS has no quoting, for word expansion\n## shellcheck disable=SC2086\nif [[ \"${REGION_PIPELINE_FLAGS:-}\" ]]; then\n  set -- $REGION_PIPELINE_FLAGS\nfi\n\n## Get sha from the given pipeline run to deploy to all pipedream pipelines.\nsha=$(gocd-sha-for-pipeline --material-name=\"${ROLLBACK_MATERIAL_NAME}\")\n\necho \"📑 Rolling back to sha: ${sha}\"\n\ngocd-emergency-deploy \\\n  --material-name=\"${ROLLBACK_MATERIAL_NAME}\" \\\n  --commit-sha=\"${sha}\" \\\n  --deploy-stage=\"${ROLLBACK_STAGE}\" \\\n  --pause-message=\"This pipeline was rolled back, please check with team before un-pausing.\" \\\n  \"$@\"\n"
                           }
                        ]
                     }
                  }
               }
            }
         ]
      }
   }
}
