{
   "format_version": 10,
   "pipelines": {
      "deploy-example-st": {
         "display_order": 2,
         "group": "example",
         "materials": {
            "example_repo": {
               "branch": "master",
               "git": "git@github.com:getsentry/example.git"
            }
         },
         "stages": [
            {
               "deploy": {
                  "approval": {
                     "type": "manual"
                  },
                  "fetch_materials": true,
                  "jobs": {
                     "deploy-customer-1": {
                        "tasks": [
                           {
                              "script": "./deploy.sh --region=customer-1"
                           }
                        ]
                     },
                     "deploy-customer-2": {
                        "tasks": [
                           {
                              "script": "./deploy.sh --region=customer-2"
                           }
                        ]
                     },
                     "deploy-customer-4": {
                        "tasks": [
                           {
                              "script": "./deploy.sh --region=customer-4"
                           }
                        ]
                     },
                     "deploy-customer-7": {
                        "tasks": [
                           {
                              "script": "./deploy.sh --region=customer-7"
                           }
                        ]
                     }
                  }
               }
            },
            {
               "pipeline-complete": {
                  "jobs": {
                     "pipeline-complete": {
                        "tasks": [
                           {
                              "exec": {
                                 "command": true
                              }
                           }
                        ]
                     }
                  }
               }
            }
         ]
      }
   }
}
