{
   "deploy-example-s4s.yaml": {
      "format_version": 10,
      "pipelines": {
         "deploy-example-s4s": {
            "display_order": 2,
            "group": "example",
            "materials": {
               "example_repo": {
                  "branch": "master",
                  "git": "git@github.com:getsentry/example.git"
               }
            },
            "stages": [
               {
                  "deploy": {
                     "approval": {
                        "type": "manual"
                     },
                     "fetch_materials": true,
                     "jobs": {
                        "deploy-s4s": {
                           "tasks": [
                              {
                                 "script": "./deploy.sh --region=s4s"
                              }
                           ]
                        },
                        "deploy-s4s2": {
                           "tasks": [
                              {
                                 "script": "./deploy.sh --region=s4s2"
                              }
                           ]
                        }
                     }
                  }
               },
               {
                  "pipeline-complete": {
                     "fetch_materials": false,
                     "jobs": {
                        "pipeline-complete": {
                           "tasks": [
                              {
                                 "exec": {
                                    "command": true
                                 }
                              }
                           ]
                        }
                     }
                  }
               }
            ]
         }
      }
   }
}
