{
   "example-1.yaml": {
      "format_version": 10,
      "pipelines": {
         "example-1": {
            "group": "example-1",
            "materials": [ ]
         }
      }
   },
   "example-2.yaml": {
      "format_version": 10,
      "pipelines": {
         "example-2": {
            "group": "example-2",
            "materials": [ ]
         }
      }
   }
}
