{
   "example-customer-1.yaml": {
      "format_version": 10,
      "pipelines": {
         "deploy-example-customer-1": {
            "display_order": 5,
            "group": "example",
            "materials": {
               "deploy-example-customer-5-pipeline-complete": {
                  "pipeline": "deploy-example-customer-5",
                  "stage": "pipeline-complete"
               },
               "example_repo": {
                  "branch": "master",
                  "destination": "example",
                  "git": "git@github.com:getsentry/example.git",
                  "shallow_clone": true
               }
            },
            "region": "customer-1",
            "stages": [
               {
                  "example_stage": { }
               },
               {
                  "pipeline-complete": {
                     "approval": {
                        "allow_only_on_success": true,
                        "type": "success"
                     },
                     "jobs": {
                        "pipeline-complete": {
                           "tasks": [
                              {
                                 "exec": {
                                    "command": true
                                 }
                              }
                           ]
                        }
                     }
                  }
               }
            ]
         }
      }
   },
   "example-customer-5.yaml": {
      "format_version": 10,
      "pipelines": {
         "deploy-example-customer-5": {
            "display_order": 4,
            "group": "example",
            "materials": {
               "deploy-example-us-pipeline-complete": {
                  "pipeline": "deploy-example-us",
                  "stage": "pipeline-complete"
               },
               "example_repo": {
                  "branch": "master",
                  "destination": "example",
                  "git": "git@github.com:getsentry/example.git",
                  "shallow_clone": true
               }
            },
            "region": "customer-5",
            "stages": [
               {
                  "example_stage": { }
               },
               {
                  "pipeline-complete": {
                     "approval": {
                        "allow_only_on_success": true,
                        "type": "success"
                     },
                     "jobs": {
                        "pipeline-complete": {
                           "tasks": [
                              {
                                 "exec": {
                                    "command": true
                                 }
                              }
                           ]
                        }
                     }
                  }
               }
            ]
         }
      }
   },
   "example-s4s.yaml": {
      "format_version": 10,
      "pipelines": {
         "deploy-example-s4s": {
            "display_order": 2,
            "group": "example",
            "materials": {
               "deploy-example-pipeline-complete": {
                  "pipeline": "deploy-example",
                  "stage": "pipeline-complete"
               },
               "example_repo": {
                  "branch": "master",
                  "destination": "example",
                  "git": "git@github.com:getsentry/example.git",
                  "shallow_clone": true
               }
            },
            "region": "s4s",
            "stages": [
               {
                  "example_stage": { }
               },
               {
                  "pipeline-complete": {
                     "approval": {
                        "allow_only_on_success": true,
                        "type": "success"
                     },
                     "jobs": {
                        "pipeline-complete": {
                           "tasks": [
                              {
                                 "exec": {
                                    "command": true
                                 }
                              }
                           ]
                        }
                     }
                  }
               }
            ]
         }
      }
   },
   "example-us.yaml": {
      "format_version": 10,
      "pipelines": {
         "deploy-example-us": {
            "display_order": 3,
            "group": "example",
            "materials": {
               "deploy-example-s4s-pipeline-complete": {
                  "pipeline": "deploy-example-s4s",
                  "stage": "pipeline-complete"
               },
               "example_repo": {
                  "branch": "master",
                  "destination": "example",
                  "git": "git@github.com:getsentry/example.git",
                  "shallow_clone": true
               }
            },
            "region": "us",
            "stages": [
               {
                  "example_stage": { }
               },
               {
                  "pipeline-complete": {
                     "approval": {
                        "allow_only_on_success": true,
                        "type": "success"
                     },
                     "jobs": {
                        "pipeline-complete": {
                           "tasks": [
                              {
                                 "exec": {
                                    "command": true
                                 }
                              }
                           ]
                        }
                     }
                  }
               }
            ]
         }
      }
   },
   "example.yaml": {
      "format_version": 10,
      "pipelines": {
         "deploy-example": {
            "display_order": 0,
            "group": "example",
            "lock_behavior": "unlockWhenFinished",
            "materials": {
               "init_repo": {
                  "branch": "master",
                  "destination": "init",
                  "git": "git@github.com:getsentry/init.git"
               }
            },
            "stages": [
               {
                  "pipeline-complete": {
                     "jobs": {
                        "pipeline-complete": {
                           "tasks": [
                              {
                                 "exec": {
                                    "command": true
                                 }
                              }
                           ]
                        }
                     }
                  }
               }
            ]
         }
      }
   }
}
