{
   "all_groups": {
      "control": [
         "control"
      ],
      "de": [
         "de"
      ],
      "edge": [
         "edge"
      ],
      "edge-pop": [
         "edge-pop-au",
         "edge-pop-br",
         "edge-pop-ca",
         "edge-pop-de",
         "edge-pop-fi",
         "edge-pop-in",
         "edge-pop-jp",
         "edge-pop-nl",
         "edge-pop-or",
         "edge-pop-qa",
         "edge-pop-sc",
         "edge-pop-sg",
         "edge-pop-tx",
         "edge-pop-va"
      ],
      "edge-pop-canary": [
         "edge-pop-rr"
      ],
      "prod-control": [
         "prod-control"
      ],
      "s4s2": [
         "s4s2"
      ],
      "snty-tools": [
         "snty-tools"
      ],
      "st": [
         "customer-1",
         "customer-2",
         "customer-7"
      ],
      "us": [
         "us"
      ],
      "us2": [
         "us2"
      ]
   },
   "group_order": [
      "s4s2",
      "de",
      "us",
      "us2",
      "control",
      "prod-control",
      "snty-tools",
      "edge",
      "edge-pop-canary",
      "edge-pop",
      "st"
   ]
}
